
🚀 QuanJP Prime Hunter 2050 - SYMBOLIC-FIRST EDITION
   ⚡ Tier 3: Symbolic exploration + numeric verification
━━━━━━━━━━━━━━━━━━━━━━━━━━━━━━━━━━━━━━━━━━━━━━━━━━━━━━━━━━━━━━━━━━━━━━

💻 System Detection:
   Physical CPUs:  16
   Logical CPUs:   16
   Using threads:  16 (all cores)

🧠 Loading & Learning Patterns...
   ✅ Learned from sequence 1 (16 symbols)
   ✅ Learned from sequence 2 (16 symbols)

⚙️  Configuration:
   Sequence length:        33200
   Target digits:          ~19987
   Symbolic score gate:    > 0.24
   Miller-Rabin rounds:    15
   Max attempts:           500000
   Pattern guidance:       75%

🔧 Symbolic-First Pipeline:
   ① Symbolic generation
   ② Oddness gate (symbols[0] parity — eliminates ~50%)
   ③ Symbolic score gate (rejects ~60% of odd candidates)
   ④ Symbolic residue filters mod {3,5,7,11,13,17,19,23}
   ⑤ Partial collapse checks
   ⑥ Full GMP Integer collapse (now rare!)
   ⑦ Miller-Rabin (bases 2,3,5 + 12 random witnesses)

🚀 Starting Prime Hunt — TARGET: 1 RECORD PRIME (20,000 DIGITS)

🔍 Hunt 1/1 ...
